exports[`test renders correctly (incomplete) 1`] = `
<div
  className="App">
  <div
    className="App-header-black">
    <img
      alt="logo"
      className="App-logo"
      src="logo.svg" />
    <h1>
      Scrumtious Scrum Page
    </h1>
    <h2>
      Please Login...
    </h2>
    <pr>
       
    </pr>
  </div>
  <br />
  <div
    className="loginForm">
    <div
      className="loginForm">
      <input
        name="userfield"
        onChange={[Function]}
        placeholder="Enter Username..."
        type="text" />
      <br />
      <input
        name="passwordfield"
        onChange={[Function]}
        placeholder="Enter Password..."
        type="text" />
       
      <br />
      <button
        className="logInButton"
        onClick={[Function]}>
        Login
      </button>
      <button
        className="switchToRegisteringButton"
        onClick={[Function]}>
        Register
      </button>
      <br />
      <font
        color="red">
        
      </font>
    </div>
  </div>
</div>
`;
