exports[`test renders correctly (incomplete) 1`] = `
<div>
  <div
    id="projectHome">
    <center>
      Accepted Projects
      <table
        id="projectTable">
        <tr>
          <th>
            <font
              color="blue">
              Project
            </font>
          </th>
          <th>
            <font
              color="blue">
              Role
            </font>
          </th>
          <th>
            <font
              color="blue">
              Description
            </font>
          </th>
        </tr>
        <tr
          id="projectTable"
          onClick={[Function]}>
          <td>
            <font
              color="black">
              notAccepted
            </font>
          </td>
          <td>
            <font
              color="black">
              notrole
            </font>
          </td>
          <td>
            <title>
              row0
            </title>
            <font
              color="black">
              notDesc
            </font>
          </td>
        </tr>
      </table>
    </center>
  </div>
  <div
    id="invitedProjects">
    <center>
      Project Invitations
      <table
        id="projectTable">
        <tr>
          <th>
            <font
              color="blue">
              Project
            </font>
          </th>
          <th>
            <font
              color="blue">
              Role
            </font>
          </th>
          <th>
            <font
              color="blue">
              Description
            </font>
          </th>
          <th />
        </tr>
        <tr
          id="projectTable">
          <td>
            <font
              color="black">
              accepted1
            </font>
          </td>
          <td>
            <font
              color="black">
              acrole1
            </font>
          </td>
          <td>
            <title>
              row0
            </title>
            <font
              color="black">
              acdesc1
            </font>
          </td>
          <td>
            <button
              color="green"
              id="acceptProjectInvitationButton"
              onClick={[Function]}>
              Accept
            </button>
            <button
              color="red"
              id="rejectProjectInvitationButton"
              onClick={[Function]}>
              Reject
            </button>
          </td>
        </tr>
        <tr
          id="projectTable">
          <td>
            <font
              color="black">
              accepted2
            </font>
          </td>
          <td>
            <font
              color="black">
              acrole2
            </font>
          </td>
          <td>
            <title>
              row1
            </title>
            <font
              color="black">
              acdesc2
            </font>
          </td>
          <td>
            <button
              color="green"
              id="acceptProjectInvitationButton"
              onClick={[Function]}>
              Accept
            </button>
            <button
              color="red"
              id="rejectProjectInvitationButton"
              onClick={[Function]}>
              Reject
            </button>
          </td>
        </tr>
      </table>
    </center>
  </div>
</div>
`;
